This is pdfTeX, Version 3.141592653-2.6-1.40.26 (TeX Live 2025/dev/Debian) (preloaded format=pdflatex 2025.7.3)  11 FEB 2026 17:13
entering extended mode
 restricted \write18 enabled.
 %&-line parsing enabled.
**main.tex
(./main.tex
LaTeX2e <2024-11-01> patch level 2
L3 programming layer <2025-01-18>
(/usr/share/texlive/texmf-dist/tex/latex/base/book.cls
Document Class: book 2024/06/29 v1.4n Standard LaTeX document class
(/usr/share/texlive/texmf-dist/tex/latex/base/bk10.clo
File: bk10.clo 2024/06/29 v1.4n Standard LaTeX file (size option)
)
\c@part=\count196
\c@chapter=\count197
\c@section=\count198
\c@subsection=\count199
\c@subsubsection=\count266
\c@paragraph=\count267
\c@subparagraph=\count268
\c@figure=\count269
\c@table=\count270
\abovecaptionskip=\skip49
\belowcaptionskip=\skip50
\bibindent=\dimen141
)
(/usr/share/texlive/texmf-dist/tex/latex/amsfonts/amsfonts.sty
Package: amsfonts 2013/01/14 v3.01 Basic AMSFonts support
\@emptytoks=\toks17
\symAMSa=\mathgroup4
\symAMSb=\mathgroup5
LaTeX Font Info:    Redeclaring math symbol \hbar on input line 98.
LaTeX Font Info:    Overwriting math alphabet `\mathfrak' in version `bold'
(Font)                  U/euf/m/n --> U/euf/b/n on input line 106.
)
(/usr/share/texlive/texmf-dist/tex/latex/amsmath/amsmath.sty
Package: amsmath 2024/11/05 v2.17t AMS math features
\@mathmargin=\skip51

For additional information on amsmath, use the `?' option.
(/usr/share/texlive/texmf-dist/tex/latex/amsmath/amstext.sty
Package: amstext 2021/08/26 v2.01 AMS text

(/usr/share/texlive/texmf-dist/tex/latex/amsmath/amsgen.sty
File: amsgen.sty 1999/11/30 v2.0 generic functions
\@emptytoks=\toks18
\ex@=\dimen142
))
(/usr/share/texlive/texmf-dist/tex/latex/amsmath/amsbsy.sty
Package: amsbsy 1999/11/29 v1.2d Bold Symbols
\pmbraise@=\dimen143
)
(/usr/share/texlive/texmf-dist/tex/latex/amsmath/amsopn.sty
Package: amsopn 2022/04/08 v2.04 operator names
)
\inf@bad=\count271
LaTeX Info: Redefining \frac on input line 233.
\uproot@=\count272
\leftroot@=\count273
LaTeX Info: Redefining \overline on input line 398.
LaTeX Info: Redefining \colon on input line 409.
\classnum@=\count274
\DOTSCASE@=\count275
LaTeX Info: Redefining \ldots on input line 495.
LaTeX Info: Redefining \dots on input line 498.
LaTeX Info: Redefining \cdots on input line 619.
\Mathstrutbox@=\box52
\strutbox@=\box53
LaTeX Info: Redefining \big on input line 721.
LaTeX Info: Redefining \Big on input line 722.
LaTeX Info: Redefining \bigg on input line 723.
LaTeX Info: Redefining \Bigg on input line 724.
\big@size=\dimen144
LaTeX Font Info:    Redeclaring font encoding OML on input line 742.
LaTeX Font Info:    Redeclaring font encoding OMS on input line 743.
\macc@depth=\count276
LaTeX Info: Redefining \bmod on input line 904.
LaTeX Info: Redefining \pmod on input line 909.
LaTeX Info: Redefining \smash on input line 939.
LaTeX Info: Redefining \relbar on input line 969.
LaTeX Info: Redefining \Relbar on input line 970.
\c@MaxMatrixCols=\count277
\dotsspace@=\muskip17
\c@parentequation=\count278
\dspbrk@lvl=\count279
\tag@help=\toks19
\row@=\count280
\column@=\count281
\maxfields@=\count282
\andhelp@=\toks20
\eqnshift@=\dimen145
\alignsep@=\dimen146
\tagshift@=\dimen147
\tagwidth@=\dimen148
\totwidth@=\dimen149
\lineht@=\dimen150
\@envbody=\toks21
\multlinegap=\skip52
\multlinetaggap=\skip53
\mathdisplay@stack=\toks22
LaTeX Info: Redefining \[ on input line 2953.
LaTeX Info: Redefining \] on input line 2954.
)
(/usr/share/texlive/texmf-dist/tex/latex/amsfonts/amssymb.sty
Package: amssymb 2013/01/14 v3.01 AMS font symbols
)
(/usr/share/texlive/texmf-dist/tex/latex/jknapltx/mathrsfs.sty
Package: mathrsfs 1996/01/01 Math RSFS package v1.0 (jk)
\symrsfs=\mathgroup6
)
(/usr/share/texlive/texmf-dist/tex/latex/geometry/geometry.sty
Package: geometry 2020/01/02 v5.9 Page Geometry

(/usr/share/texlive/texmf-dist/tex/latex/graphics/keyval.sty
Package: keyval 2022/05/29 v1.15 key=value parser (DPC)
\KV@toks@=\toks23
)
(/usr/share/texlive/texmf-dist/tex/generic/iftex/ifvtex.sty
Package: ifvtex 2019/10/25 v1.7 ifvtex legacy package. Use iftex instead.

(/usr/share/texlive/texmf-dist/tex/generic/iftex/iftex.sty
Package: iftex 2024/12/12 v1.0g TeX engine tests
))
\Gm@cnth=\count283
\Gm@cntv=\count284
\c@Gm@tempcnt=\count285
\Gm@bindingoffset=\dimen151
\Gm@wd@mp=\dimen152
\Gm@odd@mp=\dimen153
\Gm@even@mp=\dimen154
\Gm@layoutwidth=\dimen155
\Gm@layoutheight=\dimen156
\Gm@layouthoffset=\dimen157
\Gm@layoutvoffset=\dimen158
\Gm@dimlist=\toks24
)
(/usr/share/texlive/texmf-dist/tex/latex/graphics/graphics.sty
Package: graphics 2024/08/06 v1.4g Standard LaTeX Graphics (DPC,SPQR)

(/usr/share/texlive/texmf-dist/tex/latex/graphics/trig.sty
Package: trig 2023/12/02 v1.11 sin cos tan (DPC)
)
(/usr/share/texlive/texmf-dist/tex/latex/graphics-cfg/graphics.cfg
File: graphics.cfg 2016/06/04 v1.11 sample graphics configuration
)
Package graphics Info: Driver file: pdftex.def on input line 106.

(/usr/share/texlive/texmf-dist/tex/latex/graphics-def/pdftex.def
File: pdftex.def 2024/04/13 v1.2c Graphics/color driver for pdftex
))
(/usr/share/texlive/texmf-dist/tex/latex/graphics/graphicx.sty
Package: graphicx 2021/09/16 v1.2d Enhanced LaTeX Graphics (DPC,SPQR)
\Gin@req@height=\dimen159
\Gin@req@width=\dimen160
)
(/usr/share/texlive/texmf-dist/tex/latex/pstricks/pstricks.sty
Package: pstricks 2024/02/02 v0.75 LaTeX wrapper for `PSTricks' (RN,HV)

(/usr/share/texlive/texmf-dist/tex/latex/xcolor/xcolor.sty
Package: xcolor 2024/09/29 v3.02 LaTeX color extensions (UK)

(/usr/share/texlive/texmf-dist/tex/latex/graphics-cfg/color.cfg
File: color.cfg 2016/01/02 v1.6 sample color configuration
)
Package xcolor Info: Driver file: pdftex.def on input line 274.

(/usr/share/texlive/texmf-dist/tex/latex/graphics/mathcolor.ltx)
Package xcolor Info: Model `cmy' substituted by `cmy0' on input line 1349.
Package xcolor Info: Model `hsb' substituted by `rgb' on input line 1353.
Package xcolor Info: Model `RGB' extended on input line 1365.
Package xcolor Info: Model `HTML' substituted by `rgb' on input line 1367.
Package xcolor Info: Model `Hsb' substituted by `hsb' on input line 1368.
Package xcolor Info: Model `tHsb' substituted by `hsb' on input line 1369.
Package xcolor Info: Model `HSB' substituted by `hsb' on input line 1370.
Package xcolor Info: Model `Gray' substituted by `gray' on input line 1371.
Package xcolor Info: Model `wave' substituted by `hsb' on input line 1372.
)
(/usr/share/texlive/texmf-dist/tex/generic/xkeyval/pst-xkey.tex
File: pst-xkey.tex 2005/11/25 v1.6 PSTricks specialization of xkeyval (HA)

(/usr/share/texlive/texmf-dist/tex/latex/xkeyval/xkeyval.sty
Package: xkeyval 2022/06/16 v2.9 package option processing (HA)

(/usr/share/texlive/texmf-dist/tex/generic/xkeyval/xkeyval.tex
(/usr/share/texlive/texmf-dist/tex/generic/xkeyval/xkvutils.tex
\XKV@toks=\toks25
\XKV@tempa@toks=\toks26
)
\XKV@depth=\count286
File: xkeyval.tex 2014/12/03 v2.7a key=value parser (HA)
)))
(/usr/share/texlive/texmf-dist/tex/generic/pstricks/pstricks.tex
(/usr/share/texlive/texmf-dist/tex/generic/pstricks/pst-fp.tex
`pst-fp' v0.06, 2020/11/20 (hv)
\pstFP@xs=\count287
\pstFP@xia=\count288
\pstFP@xib=\count289
\pstFP@xfa=\count290
\pstFP@xfb=\count291
\pstFP@rega=\count292
\pstFP@regb=\count293
\pstFP@regs=\count294
\pstFP@times=\count295
)
(/usr/share/texlive/texmf-dist/tex/latex/pgf/utilities/pgffor.sty
(/usr/share/texlive/texmf-dist/tex/latex/pgf/utilities/pgfrcs.sty
(/usr/share/texlive/texmf-dist/tex/generic/pgf/utilities/pgfutil-common.tex
\pgfutil@everybye=\toks27
\pgfutil@tempdima=\dimen161
\pgfutil@tempdimb=\dimen162
)
(/usr/share/texlive/texmf-dist/tex/generic/pgf/utilities/pgfutil-latex.def
\pgfutil@abb=\box54
)
(/usr/share/texlive/texmf-dist/tex/generic/pgf/utilities/pgfrcs.code.tex
(/usr/share/texlive/texmf-dist/tex/generic/pgf/pgf.revision.tex)
Package: pgfrcs 2023-01-15 v3.1.10 (3.1.10)
))
(/usr/share/texlive/texmf-dist/tex/latex/pgf/utilities/pgfkeys.sty
(/usr/share/texlive/texmf-dist/tex/generic/pgf/utilities/pgfkeys.code.tex
\pgfkeys@pathtoks=\toks28
\pgfkeys@temptoks=\toks29

(/usr/share/texlive/texmf-dist/tex/generic/pgf/utilities/pgfkeyslibraryfiltered
.code.tex
\pgfkeys@tmptoks=\toks30
))) (/usr/share/texlive/texmf-dist/tex/latex/pgf/math/pgfmath.sty
(/usr/share/texlive/texmf-dist/tex/generic/pgf/math/pgfmath.code.tex
(/usr/share/texlive/texmf-dist/tex/generic/pgf/math/pgfmathutil.code.tex
\pgf@x=\dimen163
\pgf@xa=\dimen164
\pgf@xb=\dimen165
\pgf@xc=\dimen166
\pgf@y=\dimen167
\pgf@ya=\dimen168
\pgf@yb=\dimen169
\pgf@yc=\dimen170
\c@pgf@counta=\count296
\c@pgf@countb=\count297
\c@pgf@countc=\count298
\c@pgf@countd=\count299
)
(/usr/share/texlive/texmf-dist/tex/generic/pgf/math/pgfmathparser.code.tex
\pgfmath@dimen=\dimen171
\pgfmath@count=\count300
\pgfmath@box=\box55
\pgfmath@toks=\toks31
\pgfmath@stack@operand=\toks32
\pgfmath@stack@operation=\toks33
)
(/usr/share/texlive/texmf-dist/tex/generic/pgf/math/pgfmathfunctions.code.tex)
(/usr/share/texlive/texmf-dist/tex/generic/pgf/math/pgfmathfunctions.basic.code
.tex)
(/usr/share/texlive/texmf-dist/tex/generic/pgf/math/pgfmathfunctions.trigonomet
ric.code.tex)
(/usr/share/texlive/texmf-dist/tex/generic/pgf/math/pgfmathfunctions.random.cod
e.tex)
(/usr/share/texlive/texmf-dist/tex/generic/pgf/math/pgfmathfunctions.comparison
.code.tex)
(/usr/share/texlive/texmf-dist/tex/generic/pgf/math/pgfmathfunctions.base.code.
tex)
(/usr/share/texlive/texmf-dist/tex/generic/pgf/math/pgfmathfunctions.round.code
.tex)
(/usr/share/texlive/texmf-dist/tex/generic/pgf/math/pgfmathfunctions.misc.code.
tex)
(/usr/share/texlive/texmf-dist/tex/generic/pgf/math/pgfmathfunctions.integerari
thmetics.code.tex)
(/usr/share/texlive/texmf-dist/tex/generic/pgf/math/pgfmathcalc.code.tex)
(/usr/share/texlive/texmf-dist/tex/generic/pgf/math/pgfmathfloat.code.tex
\c@pgfmathroundto@lastzeros=\count301
)))
(/usr/share/texlive/texmf-dist/tex/generic/pgf/utilities/pgffor.code.tex
Package: pgffor 2023-01-15 v3.1.10 (3.1.10)
\pgffor@iter=\dimen172
\pgffor@skip=\dimen173
\pgffor@stack=\toks34
\pgffor@toks=\toks35
))
\psLoopIndex=\count302

`PSTricks' v3.21  <2024/11/16> (tvz,hv)
\pst@dima=\dimen174
\pst@dimb=\dimen175
\pst@dimc=\dimen176
\pst@dimd=\dimen177
\pst@dimg=\dimen178
\pst@dimh=\dimen179
\pst@dimm=\dimen180
\pst@dimn=\dimen181
\pst@dimo=\dimen182
\pst@dimp=\dimen183
\pst@hbox=\box56
\pst@ibox=\box57
\pst@boxg=\box58
\pst@cnta=\count303
\pst@cntb=\count304
\pst@cntc=\count305
\pst@cntd=\count306
\pst@cntg=\count307
\pst@cnth=\count308
\pst@cntm=\count309
\pst@cntn=\count310
\pst@cnto=\count311
\pst@cntp=\count312
\@zero=\count313
\pst@toks=\toks36
--- We are running latex or xelatex ---
(/usr/share/texlive/texmf-dist/tex/generic/pstricks/pstricks.con)
(/usr/share/texlive/texmf-dist/tex/generic/pstricks/pstricks-color.tex)
\psunit=\dimen184
\psxunit=\dimen185
\psyunit=\dimen186
\pst@C@@rType=\count314
\pslinewidth=\dimen187
\psk@startLW=\dimen188
\psk@endLW=\dimen189

(/usr/share/texlive/texmf-dist/tex/generic/pstricks/pstricks-arrows.tex
\pshooklength=\dimen190
\pshookwidth=\dimen191
)
\pst@customdefs=\toks37

(/usr/share/texlive/texmf-dist/tex/generic/pstricks/pstricks-dots.tex)
\pslinearc=\dimen192
\pst@symbolStep=\dimen193
\pst@symbolWidth=\dimen194
\pst@symbolLinewidth=\dimen195
\everypsbox=\toks38
\psframesep=\dimen196
\pslabelsep=\dimen197
\sh@wgridXunit=\dimen198
\sh@wgridYunit=\dimen199
\pst@shift=\dimen256
\ps@imagectr=\count315

(/usr/share/texlive/texmf-dist/tex/generic/pstricks/pstricks.con))
File: pstricks.tex 2024/11/16 v3.21 `PSTricks' (tvz,hv)

(/usr/share/texlive/texmf-dist/tex/generic/pstricks/pst-fp.tex
`pst-fp' v0.06, 2020/11/20 (hv))
File: pst-fp.tex 2020/11/20 v0.06 `PST-fp' (hv)
)
(/usr/share/texlive/texmf-dist/tex/latex/pgf/frontendlayer/tikz.sty
(/usr/share/texlive/texmf-dist/tex/latex/pgf/basiclayer/pgf.sty
Package: pgf 2023-01-15 v3.1.10 (3.1.10)

(/usr/share/texlive/texmf-dist/tex/latex/pgf/basiclayer/pgfcore.sty
(/usr/share/texlive/texmf-dist/tex/latex/pgf/systemlayer/pgfsys.sty
(/usr/share/texlive/texmf-dist/tex/generic/pgf/systemlayer/pgfsys.code.tex
Package: pgfsys 2023-01-15 v3.1.10 (3.1.10)
\pgf@x=\dimen257
\pgf@y=\dimen258
\pgf@xa=\dimen259
\pgf@ya=\dimen260
\pgf@xb=\dimen261
\pgf@yb=\dimen262
\pgf@xc=\dimen263
\pgf@yc=\dimen264
\pgf@xd=\dimen265
\pgf@yd=\dimen266
\w@pgf@writea=\write3
\r@pgf@reada=\read2
\c@pgf@counta=\count316
\c@pgf@countb=\count317
\c@pgf@countc=\count318
\c@pgf@countd=\count319
\t@pgf@toka=\toks39
\t@pgf@tokb=\toks40
\t@pgf@tokc=\toks41
\pgf@sys@id@count=\count320

(/usr/share/texlive/texmf-dist/tex/generic/pgf/systemlayer/pgf.cfg
File: pgf.cfg 2023-01-15 v3.1.10 (3.1.10)
)
Driver file for pgf: pgfsys-pdftex.def

(/usr/share/texlive/texmf-dist/tex/generic/pgf/systemlayer/pgfsys-pdftex.def
File: pgfsys-pdftex.def 2023-01-15 v3.1.10 (3.1.10)

(/usr/share/texlive/texmf-dist/tex/generic/pgf/systemlayer/pgfsys-common-pdf.de
f
File: pgfsys-common-pdf.def 2023-01-15 v3.1.10 (3.1.10)
)))
(/usr/share/texlive/texmf-dist/tex/generic/pgf/systemlayer/pgfsyssoftpath.code.
tex
File: pgfsyssoftpath.code.tex 2023-01-15 v3.1.10 (3.1.10)
\pgfsyssoftpath@smallbuffer@items=\count321
\pgfsyssoftpath@bigbuffer@items=\count322
)
(/usr/share/texlive/texmf-dist/tex/generic/pgf/systemlayer/pgfsysprotocol.code.
tex
File: pgfsysprotocol.code.tex 2023-01-15 v3.1.10 (3.1.10)
))
(/usr/share/texlive/texmf-dist/tex/generic/pgf/basiclayer/pgfcore.code.tex
Package: pgfcore 2023-01-15 v3.1.10 (3.1.10)

(/usr/share/texlive/texmf-dist/tex/generic/pgf/math/pgfint.code.tex)
(/usr/share/texlive/texmf-dist/tex/generic/pgf/basiclayer/pgfcorepoints.code.te
x
File: pgfcorepoints.code.tex 2023-01-15 v3.1.10 (3.1.10)
\pgf@picminx=\dimen267
\pgf@picmaxx=\dimen268
\pgf@picminy=\dimen269
\pgf@picmaxy=\dimen270
\pgf@pathminx=\dimen271
\pgf@pathmaxx=\dimen272
\pgf@pathminy=\dimen273
\pgf@pathmaxy=\dimen274
\pgf@xx=\dimen275
\pgf@xy=\dimen276
\pgf@yx=\dimen277
\pgf@yy=\dimen278
\pgf@zx=\dimen279
\pgf@zy=\dimen280
)
(/usr/share/texlive/texmf-dist/tex/generic/pgf/basiclayer/pgfcorepathconstruct.
code.tex
File: pgfcorepathconstruct.code.tex 2023-01-15 v3.1.10 (3.1.10)
\pgf@path@lastx=\dimen281
\pgf@path@lasty=\dimen282
)
(/usr/share/texlive/texmf-dist/tex/generic/pgf/basiclayer/pgfcorepathusage.code
.tex
File: pgfcorepathusage.code.tex 2023-01-15 v3.1.10 (3.1.10)
\pgf@shorten@end@additional=\dimen283
\pgf@shorten@start@additional=\dimen284
)
(/usr/share/texlive/texmf-dist/tex/generic/pgf/basiclayer/pgfcorescopes.code.te
x
File: pgfcorescopes.code.tex 2023-01-15 v3.1.10 (3.1.10)
\pgfpic=\box59
\pgf@hbox=\box60
\pgf@layerbox@main=\box61
\pgf@picture@serial@count=\count323
)
(/usr/share/texlive/texmf-dist/tex/generic/pgf/basiclayer/pgfcoregraphicstate.c
ode.tex
File: pgfcoregraphicstate.code.tex 2023-01-15 v3.1.10 (3.1.10)
\pgflinewidth=\dimen285
)
(/usr/share/texlive/texmf-dist/tex/generic/pgf/basiclayer/pgfcoretransformation
s.code.tex
File: pgfcoretransformations.code.tex 2023-01-15 v3.1.10 (3.1.10)
\pgf@pt@x=\dimen286
\pgf@pt@y=\dimen287
\pgf@pt@temp=\dimen288
)
(/usr/share/texlive/texmf-dist/tex/generic/pgf/basiclayer/pgfcorequick.code.tex
File: pgfcorequick.code.tex 2023-01-15 v3.1.10 (3.1.10)
)
(/usr/share/texlive/texmf-dist/tex/generic/pgf/basiclayer/pgfcoreobjects.code.t
ex
File: pgfcoreobjects.code.tex 2023-01-15 v3.1.10 (3.1.10)
)
(/usr/share/texlive/texmf-dist/tex/generic/pgf/basiclayer/pgfcorepathprocessing
.code.tex
File: pgfcorepathprocessing.code.tex 2023-01-15 v3.1.10 (3.1.10)
)
(/usr/share/texlive/texmf-dist/tex/generic/pgf/basiclayer/pgfcorearrows.code.te
x
File: pgfcorearrows.code.tex 2023-01-15 v3.1.10 (3.1.10)
\pgfarrowsep=\dimen289
)
(/usr/share/texlive/texmf-dist/tex/generic/pgf/basiclayer/pgfcoreshade.code.tex
File: pgfcoreshade.code.tex 2023-01-15 v3.1.10 (3.1.10)
\pgf@max=\dimen290
\pgf@sys@shading@range@num=\count324
\pgf@shadingcount=\count325
)
(/usr/share/texlive/texmf-dist/tex/generic/pgf/basiclayer/pgfcoreimage.code.tex
File: pgfcoreimage.code.tex 2023-01-15 v3.1.10 (3.1.10)
)
(/usr/share/texlive/texmf-dist/tex/generic/pgf/basiclayer/pgfcoreexternal.code.
tex
File: pgfcoreexternal.code.tex 2023-01-15 v3.1.10 (3.1.10)
\pgfexternal@startupbox=\box62
)
(/usr/share/texlive/texmf-dist/tex/generic/pgf/basiclayer/pgfcorelayers.code.te
x
File: pgfcorelayers.code.tex 2023-01-15 v3.1.10 (3.1.10)
)
(/usr/share/texlive/texmf-dist/tex/generic/pgf/basiclayer/pgfcoretransparency.c
ode.tex
File: pgfcoretransparency.code.tex 2023-01-15 v3.1.10 (3.1.10)
)
(/usr/share/texlive/texmf-dist/tex/generic/pgf/basiclayer/pgfcorepatterns.code.
tex
File: pgfcorepatterns.code.tex 2023-01-15 v3.1.10 (3.1.10)
)
(/usr/share/texlive/texmf-dist/tex/generic/pgf/basiclayer/pgfcorerdf.code.tex
File: pgfcorerdf.code.tex 2023-01-15 v3.1.10 (3.1.10)
)))
(/usr/share/texlive/texmf-dist/tex/generic/pgf/modules/pgfmoduleshapes.code.tex
File: pgfmoduleshapes.code.tex 2023-01-15 v3.1.10 (3.1.10)
\pgfnodeparttextbox=\box63
) (/usr/share/texlive/texmf-dist/tex/generic/pgf/modules/pgfmoduleplot.code.tex
File: pgfmoduleplot.code.tex 2023-01-15 v3.1.10 (3.1.10)
)
(/usr/share/texlive/texmf-dist/tex/latex/pgf/compatibility/pgfcomp-version-0-65
.sty
Package: pgfcomp-version-0-65 2023-01-15 v3.1.10 (3.1.10)
\pgf@nodesepstart=\dimen291
\pgf@nodesepend=\dimen292
)
(/usr/share/texlive/texmf-dist/tex/latex/pgf/compatibility/pgfcomp-version-1-18
.sty
Package: pgfcomp-version-1-18 2023-01-15 v3.1.10 (3.1.10)
))
(/usr/share/texlive/texmf-dist/tex/generic/pgf/frontendlayer/tikz/tikz.code.tex
Package: tikz 2023-01-15 v3.1.10 (3.1.10)

(/usr/share/texlive/texmf-dist/tex/generic/pgf/libraries/pgflibraryplothandlers
.code.tex
File: pgflibraryplothandlers.code.tex 2023-01-15 v3.1.10 (3.1.10)
\pgf@plot@mark@count=\count326
\pgfplotmarksize=\dimen293
)
\tikz@lastx=\dimen294
\tikz@lasty=\dimen295
\tikz@lastxsaved=\dimen296
\tikz@lastysaved=\dimen297
\tikz@lastmovetox=\dimen298
\tikz@lastmovetoy=\dimen299
\tikzleveldistance=\dimen300
\tikzsiblingdistance=\dimen301
\tikz@figbox=\box64
\tikz@figbox@bg=\box65
\tikz@tempbox=\box66
\tikz@tempbox@bg=\box67
\tikztreelevel=\count327
\tikznumberofchildren=\count328
\tikznumberofcurrentchild=\count329
\tikz@fig@count=\count330

(/usr/share/texlive/texmf-dist/tex/generic/pgf/modules/pgfmodulematrix.code.tex
File: pgfmodulematrix.code.tex 2023-01-15 v3.1.10 (3.1.10)
\pgfmatrixcurrentrow=\count331
\pgfmatrixcurrentcolumn=\count332
\pgf@matrix@numberofcolumns=\count333
)
\tikz@expandcount=\count334

(/usr/share/texlive/texmf-dist/tex/generic/pgf/frontendlayer/tikz/libraries/tik
zlibrarytopaths.code.tex
File: tikzlibrarytopaths.code.tex 2023-01-15 v3.1.10 (3.1.10)
)))
(/usr/share/texlive/texmf-dist/tex/latex/caption/caption.sty
Package: caption 2023/08/05 v3.6o Customizing captions (AR)

(/usr/share/texlive/texmf-dist/tex/latex/caption/caption3.sty
Package: caption3 2023/07/31 v2.4d caption3 kernel (AR)
\caption@tempdima=\dimen302
\captionmargin=\dimen303
\caption@leftmargin=\dimen304
\caption@rightmargin=\dimen305
\caption@width=\dimen306
\caption@indent=\dimen307
\caption@parindent=\dimen308
\caption@hangindent=\dimen309
Package caption Info: Standard document class detected.
)
\c@caption@flags=\count335
\c@continuedfloat=\count336
)
(/usr/share/texlive/texmf-dist/tex/latex/appendix/appendix.sty
Package: appendix 2020/02/08 v1.2c extra appendix facilities
\c@@pps=\count337
\c@@ppsavesec=\count338
\c@@ppsaveapp=\count339
)
(/usr/share/texlive/texmf-dist/tex/latex/wrapfig/wrapfig.sty
\wrapoverhang=\dimen310
\WF@size=\dimen311
\c@WF@wrappedlines=\count340
\WF@box=\box68
\WF@everypar=\toks42
Package: wrapfig 2003/01/31  v 3.6
)
(/usr/share/texlive/texmf-dist/tex/latex/enumitem/enumitem.sty
Package: enumitem 2025/02/06 v3.11 Customized lists
\labelindent=\skip54
\enit@outerparindent=\dimen312
\enit@toks=\toks43
\enit@inbox=\box69
\enit@count@id=\count341
\enitdp@description=\count342
)
(/usr/share/texlive/texmf-dist/tex/latex/base/makeidx.sty
Package: makeidx 2021/10/04 v1.0m Standard LaTeX package
)
\c@example=\count343
\c@exploration=\count344
\c@exercise=\count345
\@indexfile=\write4
\openout4 = `main.idx'.


Writing index file main.idx
(/usr/share/texlive/texmf-dist/tex/latex/l3backend/l3backend-pdftex.def
File: l3backend-pdftex.def 2024-05-08 L3 backend support: PDF output (pdfTeX)
\l__color_backend_stack_int=\count346
\l__pdf_internal_box=\box70
)
(./main.aux)
\openout1 = `main.aux'.

LaTeX Font Info:    Checking defaults for OML/cmm/m/it on input line 71.
LaTeX Font Info:    ... okay on input line 71.
LaTeX Font Info:    Checking defaults for OMS/cmsy/m/n on input line 71.
LaTeX Font Info:    ... okay on input line 71.
LaTeX Font Info:    Checking defaults for OT1/cmr/m/n on input line 71.
LaTeX Font Info:    ... okay on input line 71.
LaTeX Font Info:    Checking defaults for T1/cmr/m/n on input line 71.
LaTeX Font Info:    ... okay on input line 71.
LaTeX Font Info:    Checking defaults for TS1/cmr/m/n on input line 71.
LaTeX Font Info:    ... okay on input line 71.
LaTeX Font Info:    Checking defaults for OMX/cmex/m/n on input line 71.
LaTeX Font Info:    ... okay on input line 71.
LaTeX Font Info:    Checking defaults for U/cmr/m/n on input line 71.
LaTeX Font Info:    ... okay on input line 71.

*geometry* driver: auto-detecting
*geometry* detected driver: pdftex
*geometry* verbose mode - [ preamble ] result:
* driver: pdftex
* paper: b5paper
* layout: <same size as paper>
* layoutoffset:(h,v)=(0.0pt,0.0pt)
* modes: twoside 
* h-part:(L,W,R)=(71.13188pt, 358.50473pt, 71.13188pt)
* v-part:(T,H,B)=(85.35826pt, 554.82875pt, 71.13188pt)
* \paperwidth=500.7685pt
* \paperheight=711.3189pt
* \textwidth=358.50473pt
* \textheight=554.82875pt
* \oddsidemargin=-1.1381pt
* \evensidemargin=-1.1381pt
* \topmargin=-16.97922pt
* \headheight=12.0pt
* \headsep=18.06749pt
* \topskip=10.0pt
* \footskip=25.29494pt
* \marginparwidth=57.0pt
* \marginparsep=7.0pt
* \columnsep=10.0pt
* \skip\footins=9.0pt plus 4.0pt minus 2.0pt
* \hoffset=0.0pt
* \voffset=0.0pt
* \mag=1000
* \@twocolumnfalse
* \@twosidetrue
* \@mparswitchtrue
* \@reversemarginfalse
* (1in=72.27pt=25.4mm, 1cm=28.453pt)

(/usr/share/texlive/texmf-dist/tex/context/base/mkii/supp-pdf.mkii
[Loading MPS to PDF converter (version 2006.09.02).]
\scratchcounter=\count347
\scratchdimen=\dimen313
\scratchbox=\box71
\nofMPsegments=\count348
\nofMParguments=\count349
\everyMPshowfont=\toks44
\MPscratchCnt=\count350
\MPscratchDim=\dimen314
\MPnumerator=\count351
\makeMPintoPDFobject=\count352
\everyMPtoPDFconversion=\toks45
) (/usr/share/texlive/texmf-dist/tex/latex/epstopdf-pkg/epstopdf-base.sty
Package: epstopdf-base 2020-01-24 v2.11 Base part for package epstopdf
Package epstopdf-base Info: Redefining graphics rule for `.eps' on input line 4
85.

(/usr/share/texlive/texmf-dist/tex/latex/latexconfig/epstopdf-sys.cfg
File: epstopdf-sys.cfg 2010/07/13 v1.3 Configuration of (r)epstopdf for TeX Liv
e
))
Package caption Info: Begin \AtBeginDocument code.
Package caption Info: wrapfig package is loaded.
Package caption Info: End \AtBeginDocument code.
LaTeX Font Info:    Trying to load font information for U+msa on input line 72.


(/usr/share/texlive/texmf-dist/tex/latex/amsfonts/umsa.fd
File: umsa.fd 2013/01/14 v3.01 AMS symbols A
)
LaTeX Font Info:    Trying to load font information for U+msb on input line 72.


(/usr/share/texlive/texmf-dist/tex/latex/amsfonts/umsb.fd
File: umsb.fd 2013/01/14 v3.01 AMS symbols B
)
LaTeX Font Info:    Trying to load font information for U+rsfs on input line 72
.

(/usr/share/texlive/texmf-dist/tex/latex/jknapltx/ursfs.fd
File: ursfs.fd 1998/03/24 rsfs font definition file (jk)
)

[1
Non-PDF special ignored!
<special> header=pstricks.pro
Non-PDF special ignored!
<special> header=pst-algparser.pro
Non-PDF special ignored!
<special> header=pst-tools.pro
Non-PDF special ignored!
<special> header=pst-dots.pro

Non-PDF special ignored!
<special> ps: /pssetRGBcolor /setrgbcolor load def /pssetCMYKcolor /setcmyk...
Non-PDF special ignored!
<special> ps:tx@Dict begin  gsave STV CP T /ps@rot 0 def grestore  end
Non-PDF special ignored!
<special> ps:tx@Dict begin  gsave STV CP T /ps@refangle 0.  def grestore  e...

{/var/lib/texmf/fonts/map/pdftex/updmap/pdftex.map}] (./preface.tex)

[2{/usr/share/texmf/fonts/enc/dvips/cm-super/cm-super-ts1.enc}] (./main.toc)
\tf@toc=\write5
\openout5 = `main.toc'.



[3


]

[4

]
Chapter 1.
(./intro.tex
<figs/fluxIllustration.pdf, id=27, 392.9196pt x 130.62598pt>
File: figs/fluxIllustration.pdf Graphic file (type pdf)
<use figs/fluxIllustration.pdf>
Package pdftex.def Info: figs/fluxIllustration.pdf  used on input line 25.
(pdftex.def)             Requested size: 196.4593pt x 65.31282pt.


[5 <./figs/fluxIllustration.pdf>]

[6]

[7]
Package epstopdf Info: Source file: <figs/poiseuille.eps>
(epstopdf)                    date: 2026-02-11 17:09:06
(epstopdf)                    size: 11937 bytes
(epstopdf)             Output file: <figs/poiseuille-eps-converted-to.pdf>
(epstopdf)                    date: 2026-02-11 17:09:06
(epstopdf)                    size: 8314 bytes
(epstopdf)             Command: <repstopdf --outfile=figs/poiseuille-eps-conver
ted-to.pdf figs/poiseuille.eps>
(epstopdf)             \includegraphics on input line 209.
Package epstopdf Info: Output file is already uptodate.
<figs/poiseuille-eps-converted-to.pdf, id=67, 428.60126pt x 563.10374pt>
File: figs/poiseuille-eps-converted-to.pdf Graphic file (type pdf)
<use figs/poiseuille-eps-converted-to.pdf>
Package pdftex.def Info: figs/poiseuille-eps-converted-to.pdf  used on input li
ne 209.
(pdftex.def)             Requested size: 125.47884pt x 164.8511pt.


[8 <./figs/poiseuille-eps-converted-to.pdf>]
<figs/turingIllustration.pdf, id=80, 541.1243pt x 154.93993pt>
File: figs/turingIllustration.pdf Graphic file (type pdf)
<use figs/turingIllustration.pdf>
Package pdftex.def Info: figs/turingIllustration.pdf  used on input line 265.
(pdftex.def)             Requested size: 324.67708pt x 92.96466pt.


[9

 <./figs/turingIllustration.pdf>]
<figs/petri-dish-bacteria-growth.jpg, id=96, 351.3125pt x 351.3125pt>
File: figs/petri-dish-bacteria-growth.jpg Graphic file (type jpg)
<use figs/petri-dish-bacteria-growth.jpg>
Package pdftex.def Info: figs/petri-dish-bacteria-growth.jpg  used on input lin
e 290.
(pdftex.def)             Requested size: 125.47884pt x 125.48068pt.


[10 <./figs/petri-dish-bacteria-growth.jpg>]

[11])

[12]
Chapter 2.
(./stst.tex

[13

]

[14]

[15]
Package epstopdf Info: Source file: <figs/solutionEx4.eps>
(epstopdf)                    date: 2026-02-11 17:09:06
(epstopdf)                    size: 16773 bytes
(epstopdf)             Output file: <figs/solutionEx4-eps-converted-to.pdf>
(epstopdf)                    date: 2026-02-11 17:09:06
(epstopdf)                    size: 8845 bytes
(epstopdf)             Command: <repstopdf --outfile=figs/solutionEx4-eps-conve
rted-to.pdf figs/solutionEx4.eps>
(epstopdf)             \includegraphics on input line 173.
Package epstopdf Info: Output file is already uptodate.
<figs/solutionEx4-eps-converted-to.pdf, id=118, 397.485pt x 520.94624pt>
File: figs/solutionEx4-eps-converted-to.pdf Graphic file (type pdf)
<use figs/solutionEx4-eps-converted-to.pdf>
Package pdftex.def Info: figs/solutionEx4-eps-converted-to.pdf  used on input l
ine 173.
(pdftex.def)             Requested size: 125.47884pt x 164.44868pt.


[16 <./figs/solutionEx4-eps-converted-to.pdf>]
Underfull \hbox (badness 10000) in paragraph at lines 232--233

 []



[17]

[18]

[19]
Underfull \hbox (badness 10000) in paragraph at lines 384--386

 []



[20]

[21]
Overfull \hbox (7.8152pt too wide) in alignment at lines 511--515
 [][][] []
 []



[22]

[23]

[24]
Package epstopdf Info: Source file: <figs/series_conv.eps>
(epstopdf)                    date: 2026-02-11 17:11:16
(epstopdf)                    size: 14751 bytes
(epstopdf)             Output file: <figs/series_conv-eps-converted-to.pdf>
(epstopdf)                    date: 2026-02-11 17:11:22
(epstopdf)                    size: 9989 bytes
(epstopdf)             Command: <repstopdf --outfile=figs/series_conv-eps-conve
rted-to.pdf figs/series_conv.eps>
(epstopdf)             \includegraphics on input line 629.
Package epstopdf Info: Output file is already uptodate.
<figs/series_conv-eps-converted-to.pdf, id=156, 387.4475pt x 562.1pt>
File: figs/series_conv-eps-converted-to.pdf Graphic file (type pdf)
<use figs/series_conv-eps-converted-to.pdf>
Package pdftex.def Info: figs/series_conv-eps-converted-to.pdf  used on input l
ine 629.
(pdftex.def)             Requested size: 125.47884pt x 182.03706pt.


[25 <./figs/series_conv-eps-converted-to.pdf>]
Underfull \hbox (badness 10000) in paragraph at lines 700--702

 []



[26]

[27]

[28]
Package epstopdf Info: Source file: <figs/perturb_one.eps>
(epstopdf)                    date: 2026-02-11 17:09:06
(epstopdf)                    size: 14203 bytes
(epstopdf)             Output file: <figs/perturb_one-eps-converted-to.pdf>
(epstopdf)                    date: 2026-02-11 17:09:06
(epstopdf)                    size: 9162 bytes
(epstopdf)             Command: <repstopdf --outfile=figs/perturb_one-eps-conve
rted-to.pdf figs/perturb_one.eps>
(epstopdf)             \includegraphics on input line 894.
Package epstopdf Info: Output file is already uptodate.
<figs/perturb_one-eps-converted-to.pdf, id=187, 410.53375pt x 511.9125pt>
File: figs/perturb_one-eps-converted-to.pdf Graphic file (type pdf)
<use figs/perturb_one-eps-converted-to.pdf>
Package pdftex.def Info: figs/perturb_one-eps-converted-to.pdf  used on input l
ine 894.
(pdftex.def)             Requested size: 125.47884pt x 156.46506pt.


[29]

[30 <./figs/perturb_one-eps-converted-to.pdf>]

[31]
Underfull \hbox (badness 10000) in paragraph at lines 1039--1040

 []

<figs/biopore.pdf, id=212, 450.64708pt x 370.15163pt>
File: figs/biopore.pdf Graphic file (type pdf)
<use figs/biopore.pdf>
Package pdftex.def Info: figs/biopore.pdf  used on input line 1081.
(pdftex.def)             Requested size: 180.25563pt x 148.05801pt.


[32]

[33 <./figs/biopore.pdf>]
Package epstopdf Info: Source file: <figs/chemotaxis.eps>
(epstopdf)                    date: 2026-02-11 17:09:05
(epstopdf)                    size: 17674 bytes
(epstopdf)             Output file: <figs/chemotaxis-eps-converted-to.pdf>
(epstopdf)                    date: 2026-02-11 17:09:05
(epstopdf)                    size: 9844 bytes
(epstopdf)             Command: <repstopdf --outfile=figs/chemotaxis-eps-conver
ted-to.pdf figs/chemotaxis.eps>
(epstopdf)             \includegraphics on input line 1173.
Package epstopdf Info: Output file is already uptodate.
<figs/chemotaxis-eps-converted-to.pdf, id=236, 420.57124pt x 497.86pt>
File: figs/chemotaxis-eps-converted-to.pdf Graphic file (type pdf)
<use figs/chemotaxis-eps-converted-to.pdf>
Package pdftex.def Info: figs/chemotaxis-eps-converted-to.pdf  used on input li
ne 1173.
(pdftex.def)             Requested size: 125.47884pt x 148.5387pt.


[34]
Overfull \hbox (20.93309pt too wide) in alignment at lines 1185--1190
 [][][] []
 []


Underfull \hbox (badness 10000) in paragraph at lines 1207--1209

 []

)

[35 <./figs/chemotaxis-eps-converted-to.pdf>]

[36

]
Chapter 3.
(./diff.tex
Package epstopdf Info: Source file: <figs/sawtooth.eps>
(epstopdf)                    date: 2026-02-11 17:09:06
(epstopdf)                    size: 14898 bytes
(epstopdf)             Output file: <figs/sawtooth-eps-converted-to.pdf>
(epstopdf)                    date: 2026-02-11 17:09:06
(epstopdf)                    size: 9651 bytes
(epstopdf)             Command: <repstopdf --outfile=figs/sawtooth-eps-converte
d-to.pdf figs/sawtooth.eps>
(epstopdf)             \includegraphics on input line 18.
Package epstopdf Info: Output file is already uptodate.
<figs/sawtooth-eps-converted-to.pdf, id=259, 417.56pt x 521.95pt>
File: figs/sawtooth-eps-converted-to.pdf Graphic file (type pdf)
<use figs/sawtooth-eps-converted-to.pdf>
Package pdftex.def Info: figs/sawtooth-eps-converted-to.pdf  used on input line
 18.
(pdftex.def)             Requested size: 125.47884pt x 156.84901pt.


[37 <./figs/sawtooth-eps-converted-to.pdf>]

[38]

[39]
Overfull \hbox (37.66974pt too wide) in alignment at lines 200--204
 [][][] []
 []



[40]

[41]

[42]
Package epstopdf Info: Source file: <figs/fouriersawtooth.eps>
(epstopdf)                    date: 2026-02-11 17:09:06
(epstopdf)                    size: 55864 bytes
(epstopdf)             Output file: <figs/fouriersawtooth-eps-converted-to.pdf>

(epstopdf)                    date: 2026-02-11 17:09:06
(epstopdf)                    size: 26269 bytes
(epstopdf)             Command: <repstopdf --outfile=figs/fouriersawtooth-eps-c
onverted-to.pdf figs/fouriersawtooth.eps>
(epstopdf)             \includegraphics on input line 340.
Package epstopdf Info: Output file is already uptodate.
<figs/fouriersawtooth-eps-converted-to.pdf, id=288, 410.53375pt x 578.16pt>
File: figs/fouriersawtooth-eps-converted-to.pdf Graphic file (type pdf)
<use figs/fouriersawtooth-eps-converted-to.pdf>
Package pdftex.def Info: figs/fouriersawtooth-eps-converted-to.pdf  used on inp
ut line 340.
(pdftex.def)             Requested size: 125.47884pt x 176.71347pt.
Package epstopdf Info: Source file: <figs/remainderFourier.eps>
(epstopdf)                    date: 2026-02-11 17:09:06
(epstopdf)                    size: 27759 bytes
(epstopdf)             Output file: <figs/remainderFourier-eps-converted-to.pdf
>
(epstopdf)                    date: 2026-02-11 17:09:06
(epstopdf)                    size: 13671 bytes
(epstopdf)             Command: <repstopdf --outfile=figs/remainderFourier-eps-
converted-to.pdf figs/remainderFourier.eps>
(epstopdf)             \includegraphics on input line 356.
Package epstopdf Info: Output file is already uptodate.
<figs/remainderFourier-eps-converted-to.pdf, id=289, 697.60625pt x 316.18124pt>

File: figs/remainderFourier-eps-converted-to.pdf Graphic file (type pdf)
<use figs/remainderFourier-eps-converted-to.pdf>
Package pdftex.def Info: figs/remainderFourier-eps-converted-to.pdf  used on in
put line 356.
(pdftex.def)             Requested size: 244.16583pt x 110.66508pt.


LaTeX Warning: `!h' float specifier changed to `!ht'.


Underfull \hbox (badness 10000) in paragraph at lines 371--373

 []



[43 <./figs/fouriersawtooth-eps-converted-to.pdf>]

[44 <./figs/remainderFourier-eps-converted-to.pdf>]

[45]

LaTeX Warning: Reference `stst:sectBVP' on page 46 undefined on input line 499.




[46]

[47]
Package epstopdf Info: Source file: <figs/diffDBC.eps>
(epstopdf)                    date: 2026-02-11 17:09:06
(epstopdf)                    size: 22358 bytes
(epstopdf)             Output file: <figs/diffDBC-eps-converted-to.pdf>
(epstopdf)                    date: 2026-02-11 17:10:54
(epstopdf)                    size: 11054 bytes
(epstopdf)             Command: <repstopdf --outfile=figs/diffDBC-eps-converted
-to.pdf figs/diffDBC.eps>
(epstopdf)             \includegraphics on input line 571.
Package epstopdf Info: Output file is already uptodate.
<figs/diffDBC-eps-converted-to.pdf, id=325, 431.6125pt x 574.145pt>
File: figs/diffDBC-eps-converted-to.pdf Graphic file (type pdf)
<use figs/diffDBC-eps-converted-to.pdf>
Package pdftex.def Info: figs/diffDBC-eps-converted-to.pdf  used on input line 
571.
(pdftex.def)             Requested size: 125.47884pt x 166.90953pt.


[48 <./figs/diffDBC-eps-converted-to.pdf>]
Underfull \hbox (badness 10000) in paragraph at lines 629--630

 []



[49]

[50]

[51]

[52]

[53]
Package epstopdf Info: Source file: <figs/diffunbounded.eps>
(epstopdf)                    date: 2026-02-11 17:09:06
(epstopdf)                    size: 74472 bytes
(epstopdf)             Output file: <figs/diffunbounded-eps-converted-to.pdf>
(epstopdf)                    date: 2026-02-11 17:09:06
(epstopdf)                    size: 17908 bytes
(epstopdf)             Command: <repstopdf --outfile=figs/diffunbounded-eps-con
verted-to.pdf figs/diffunbounded.eps>
(epstopdf)             \includegraphics on input line 939.
Package epstopdf Info: Output file is already uptodate.
<figs/diffunbounded-eps-converted-to.pdf, id=356, 418.56375pt x 511.9125pt>
File: figs/diffunbounded-eps-converted-to.pdf Graphic file (type pdf)
<use figs/diffunbounded-eps-converted-to.pdf>
Package pdftex.def Info: figs/diffunbounded-eps-converted-to.pdf  used on input
 line 939.
(pdftex.def)             Requested size: 125.47884pt x 153.45776pt.


[54]
Underfull \hbox (badness 10000) in paragraph at lines 962--963

 []

)

[55 <./figs/diffunbounded-eps-converted-to.pdf>]

[56

]
Chapter 4.
(./rd.tex

[57]
Underfull \hbox (badness 10000) in paragraph at lines 99--100

 []



[58]
<figs/IodateIodine.png, id=384, 634.37pt x 284.06125pt>
File: figs/IodateIodine.png Graphic file (type png)
<use figs/IodateIodine.png>
Package pdftex.def Info: figs/IodateIodine.png  used on input line 133.
(pdftex.def)             Requested size: 285.46385pt x 127.82637pt.


LaTeX Warning: `!h' float specifier changed to `!ht'.



[59]
Package epstopdf Info: Source file: <figs/FK-wavefront.eps>
(epstopdf)                    date: 2026-02-11 17:09:05
(epstopdf)                    size: 42210 bytes
(epstopdf)             Output file: <figs/FK-wavefront-eps-converted-to.pdf>
(epstopdf)                    date: 2026-02-11 17:09:05
(epstopdf)                    size: 11280 bytes
(epstopdf)             Command: <repstopdf --outfile=figs/FK-wavefront-eps-conv
erted-to.pdf figs/FK-wavefront.eps>
(epstopdf)             \includegraphics on input line 187.
Package epstopdf Info: Output file is already uptodate.
<figs/FK-wavefront-eps-converted-to.pdf, id=389, 718.685pt x 318.18875pt>
File: figs/FK-wavefront-eps-converted-to.pdf Graphic file (type pdf)
<use figs/FK-wavefront-eps-converted-to.pdf>
Package pdftex.def Info: figs/FK-wavefront-eps-converted-to.pdf  used on input 
line 187.
(pdftex.def)             Requested size: 287.4689pt x 127.27324pt.


[60 <./figs/IodateIodine.png>]

[61 <./figs/FK-wavefront-eps-converted-to.pdf>]

[62]
Package epstopdf Info: Source file: <figs/minspeed.eps>
(epstopdf)                    date: 2026-02-11 17:09:06
(epstopdf)                    size: 28893 bytes
(epstopdf)             Output file: <figs/minspeed-eps-converted-to.pdf>
(epstopdf)                    date: 2026-02-11 17:09:06
(epstopdf)                    size: 11785 bytes
(epstopdf)             Command: <repstopdf --outfile=figs/minspeed-eps-converte
d-to.pdf figs/minspeed.eps>
(epstopdf)             \includegraphics on input line 310.
Package epstopdf Info: Output file is already uptodate.
<figs/minspeed-eps-converted-to.pdf, id=405, 427.5975pt x 348.30125pt>
File: figs/minspeed-eps-converted-to.pdf Graphic file (type pdf)
<use figs/minspeed-eps-converted-to.pdf>
Package pdftex.def Info: figs/minspeed-eps-converted-to.pdf  used on input line
 310.
(pdftex.def)             Requested size: 171.03596pt x 139.31802pt.


[63 <./figs/minspeed-eps-converted-to.pdf>]
Package epstopdf Info: Source file: <figs/fku0.eps>
(epstopdf)                    date: 2026-02-11 17:09:06
(epstopdf)                    size: 11802 bytes
(epstopdf)             Output file: <figs/fku0-eps-converted-to.pdf>
(epstopdf)                    date: 2026-02-11 17:09:06
(epstopdf)                    size: 7586 bytes
(epstopdf)             Command: <repstopdf --outfile=figs/fku0-eps-converted-to
.pdf figs/fku0.eps>
(epstopdf)             \includegraphics on input line 359.
Package epstopdf Info: Output file is already uptodate.
<figs/fku0-eps-converted-to.pdf, id=419, 430.60875pt x 536.0025pt>
File: figs/fku0-eps-converted-to.pdf Graphic file (type pdf)
<use figs/fku0-eps-converted-to.pdf>
Package pdftex.def Info: figs/fku0-eps-converted-to.pdf  used on input line 359
.
(pdftex.def)             Requested size: 125.47884pt x 156.18918pt.

Underfull \hbox (badness 1275) in paragraph at lines 369--371
\OT1/cmr/m/n/10 where $\OML/cmm/m/it/10 A$ \OT1/cmr/m/n/10 is an in-te-gra-tion
 con-stant. Re-
 []



[64 <./figs/fku0-eps-converted-to.pdf>]
Package epstopdf Info: Source file: <figs/twospecies.eps>
(epstopdf)                    date: 2026-02-11 17:09:08
(epstopdf)                    size: 14681 bytes
(epstopdf)             Output file: <figs/twospecies-eps-converted-to.pdf>
(epstopdf)                    date: 2026-02-11 17:09:08
(epstopdf)                    size: 6953 bytes
(epstopdf)             Command: <repstopdf --outfile=figs/twospecies-eps-conver
ted-to.pdf figs/twospecies.eps>
(epstopdf)             \includegraphics on input line 441.
Package epstopdf Info: Output file is already uptodate.
<figs/twospecies-eps-converted-to.pdf, id=436, 657.45625pt x 491.8375pt>
File: figs/twospecies-eps-converted-to.pdf Graphic file (type pdf)
<use figs/twospecies-eps-converted-to.pdf>
Package pdftex.def Info: figs/twospecies-eps-converted-to.pdf  used on input li
ne 441.
(pdftex.def)             Requested size: 197.23839pt x 147.55238pt.


[65]
Underfull \hbox (badness 10000) in paragraph at lines 478--479

 []



[66 <./figs/twospecies-eps-converted-to.pdf>]

[67]
Overfull \hbox (1.68378pt too wide) in paragraph at lines 573--578
[]\OT1/cmr/m/n/10 We will here ex-plore the Tur-ing struc-tures through the \OT
1/cmr/m/it/10 FitzHugh-Nagumo (FHN)
 []



[68]

[69]
Package epstopdf Info: Source file: <figs/turinghomo.eps>
(epstopdf)                    date: 2026-02-11 17:11:44
(epstopdf)                    size: 34780 bytes
(epstopdf)             Output file: <figs/turinghomo-eps-converted-to.pdf>
(epstopdf)                    date: 2026-02-11 17:11:50
(epstopdf)                    size: 16881 bytes
(epstopdf)             Command: <repstopdf --outfile=figs/turinghomo-eps-conver
ted-to.pdf figs/turinghomo.eps>
(epstopdf)             \includegraphics on input line 656.
Package epstopdf Info: Output file is already uptodate.
<figs/turinghomo-eps-converted-to.pdf, id=457, 410.53375pt x 524.96124pt>
File: figs/turinghomo-eps-converted-to.pdf Graphic file (type pdf)
<use figs/turinghomo-eps-converted-to.pdf>
Package pdftex.def Info: figs/turinghomo-eps-converted-to.pdf  used on input li
ne 656.
(pdftex.def)             Requested size: 125.47884pt x 160.45337pt.
Package epstopdf Info: Source file: <figs/fhnPhasePortrait.eps>
(epstopdf)                    date: 2026-02-11 17:09:06
(epstopdf)                    size: 334030 bytes
(epstopdf)             Output file: <figs/fhnPhasePortrait-eps-converted-to.pdf
>
(epstopdf)                    date: 2026-02-11 17:09:06
(epstopdf)                    size: 93872 bytes
(epstopdf)             Command: <repstopdf --outfile=figs/fhnPhasePortrait-eps-
converted-to.pdf figs/fhnPhasePortrait.eps>
(epstopdf)             \includegraphics on input line 672.
Package epstopdf Info: Output file is already uptodate.
<figs/fhnPhasePortrait-eps-converted-to.pdf, id=458, 664.4825pt x 327.2225pt>
File: figs/fhnPhasePortrait-eps-converted-to.pdf Graphic file (type pdf)
<use figs/fhnPhasePortrait-eps-converted-to.pdf>
Package pdftex.def Info: figs/fhnPhasePortrait-eps-converted-to.pdf  used on in
put line 672.
(pdftex.def)             Requested size: 299.01436pt x 147.24876pt.


[70 <./figs/fhnPhasePortrait-eps-converted-to.pdf> <./figs/turinghomo-eps-conve
rted-to.pdf>]

[71]
Overfull \hbox (1.04657pt too wide) in alignment at lines 771--782
 [][][] []
 []

Package epstopdf Info: Source file: <figs/dispersion.eps>
(epstopdf)                    date: 2026-02-11 17:09:06
(epstopdf)                    size: 15385 bytes
(epstopdf)             Output file: <figs/dispersion-eps-converted-to.pdf>
(epstopdf)                    date: 2026-02-11 17:09:06
(epstopdf)                    size: 10374 bytes
(epstopdf)             Command: <repstopdf --outfile=figs/dispersion-eps-conver
ted-to.pdf figs/dispersion.eps>
(epstopdf)             \includegraphics on input line 806.
Package epstopdf Info: Output file is already uptodate.
<figs/dispersion-eps-converted-to.pdf, id=491, 699.61375pt x 558.085pt>
File: figs/dispersion-eps-converted-to.pdf Graphic file (type pdf)
<use figs/dispersion-eps-converted-to.pdf>
Package pdftex.def Info: figs/dispersion-eps-converted-to.pdf  used on input li
ne 806.
(pdftex.def)             Requested size: 209.88574pt x 167.42679pt.
Package epstopdf Info: Source file: <figs/turingfhn.eps>
(epstopdf)                    date: 2026-02-11 17:09:08
(epstopdf)                    size: 16698 bytes
(epstopdf)             Output file: <figs/turingfhn-eps-converted-to.pdf>
(epstopdf)                    date: 2026-02-11 17:09:08
(epstopdf)                    size: 7557 bytes
(epstopdf)             Command: <repstopdf --outfile=figs/turingfhn-eps-convert
ed-to.pdf figs/turingfhn.eps>
(epstopdf)             \includegraphics on input line 827.
Package epstopdf Info: Output file is already uptodate.
<figs/turingfhn-eps-converted-to.pdf, id=492, 628.3475pt x 478.78876pt>
File: figs/turingfhn-eps-converted-to.pdf Graphic file (type pdf)
<use figs/turingfhn-eps-converted-to.pdf>
Package pdftex.def Info: figs/turingfhn-eps-converted-to.pdf  used on input lin
e 827.
(pdftex.def)             Requested size: 188.50569pt x 143.63773pt.


[72]

[73 <./figs/dispersion-eps-converted-to.pdf>]
Underfull \hbox (badness 10000) in paragraph at lines 891--893

 []



[74 <./figs/turingfhn-eps-converted-to.pdf>])

[75]

[76

]
Chapter 5.
(./fourier.tex
<figs/trapz.pdf, id=521, 284.98903pt x 156.65958pt>
File: figs/trapz.pdf Graphic file (type pdf)
<use figs/trapz.pdf>
Package pdftex.def Info: figs/trapz.pdf  used on input line 46.
(pdftex.def)             Requested size: 284.98833pt x 156.65918pt.


LaTeX Warning: `h' float specifier changed to `ht'.


Underfull \hbox (badness 10000) in paragraph at lines 60--62

 []



[77]) (./ftcs.tex

[78 <./figs/trapz.pdf>]

[79]
Underfull \hbox (badness 10000) in paragraph at lines 147--149

 []



[80]) (./existence.tex

[81]
Underfull \hbox (badness 10000) in paragraph at lines 75--77

 []

) (./main.ind

[82]



[83

]



[84

]) (./main.aux)
 ***********
LaTeX2e <2024-11-01> patch level 2
L3 programming layer <2025-01-18>
 ***********


LaTeX Warning: There were undefined references.

 ) 
Here is how much of TeX's memory you used:
 17973 strings out of 473910
 348784 string characters out of 5736661
 740776 words of memory out of 5000000
 40703 multiletter control sequences out of 15000+600000
 573355 words of font info for 91 fonts, out of 8000000 for 9000
 833 hyphenation exceptions out of 8191
 81i,14n,117p,487b,562s stack positions out of 10000i,1000n,20000p,200000b,200000s
</usr/share/texlive/texmf-dist/fonts/type1/public/amsfonts/cm/cmbsy10.pfb></u
sr/share/texlive/texmf-dist/fonts/type1/public/amsfonts/cm/cmbx10.pfb></usr/sha
re/texlive/texmf-dist/fonts/type1/public/amsfonts/cm/cmbx12.pfb></usr/share/tex
live/texmf-dist/fonts/type1/public/amsfonts/cm/cmex10.pfb></usr/share/texlive/t
exmf-dist/fonts/type1/public/amsfonts/cmextra/cmex7.pfb></usr/share/texlive/tex
mf-dist/fonts/type1/public/amsfonts/cm/cmmi10.pfb></usr/share/texlive/texmf-dis
t/fonts/type1/public/amsfonts/cm/cmmi5.pfb></usr/share/texlive/texmf-dist/fonts
/type1/public/amsfonts/cm/cmmi7.pfb></usr/share/texlive/texmf-dist/fonts/type1/
public/amsfonts/cm/cmr10.pfb></usr/share/texlive/texmf-dist/fonts/type1/public/
amsfonts/cm/cmr12.pfb></usr/share/texlive/texmf-dist/fonts/type1/public/amsfont
s/cm/cmr17.pfb></usr/share/texlive/texmf-dist/fonts/type1/public/amsfonts/cm/cm
r5.pfb></usr/share/texlive/texmf-dist/fonts/type1/public/amsfonts/cm/cmr6.pfb><
/usr/share/texlive/texmf-dist/fonts/type1/public/amsfonts/cm/cmr7.pfb></usr/sha
re/texlive/texmf-dist/fonts/type1/public/amsfonts/cm/cmr8.pfb></usr/share/texli
ve/texmf-dist/fonts/type1/public/amsfonts/cm/cmsl10.pfb></usr/share/texlive/tex
mf-dist/fonts/type1/public/amsfonts/cm/cmss10.pfb></usr/share/texlive/texmf-dis
t/fonts/type1/public/amsfonts/cm/cmsy10.pfb></usr/share/texlive/texmf-dist/font
s/type1/public/amsfonts/cm/cmsy5.pfb></usr/share/texlive/texmf-dist/fonts/type1
/public/amsfonts/cm/cmsy7.pfb></usr/share/texlive/texmf-dist/fonts/type1/public
/amsfonts/cm/cmti10.pfb></usr/share/texlive/texmf-dist/fonts/type1/public/amsfo
nts/cm/cmti8.pfb></usr/share/texlive/texmf-dist/fonts/type1/public/amsfonts/sym
bols/msbm10.pfb></usr/share/texmf/fonts/type1/public/cm-super/sfrm1000.pfb>
Output written on main.pdf (84 pages, 1338085 bytes).
PDF statistics:
 673 PDF objects out of 1000 (max. 8388607)
 415 compressed objects within 5 object streams
 0 named destinations out of 1000 (max. 500000)
 133 words of extra memory for PDF output out of 10000 (max. 10000000)

